// Bun Snapshot v1, https://bun.sh/docs/test/snapshots

exports[`the drawing itself mathematics is unchanged 1`] = `
{
  "accent": "var(--pig)",
  "marker": "var(--marigold)",
  "marks": [
    {
      "d": "M46 124 L106 124 L46 79 Z",
      "el": "path",
      "ink": "ink",
      "part": "triangle",
    },
    {
      "d": "M46 112 h12 v12",
      "el": "path",
      "ink": "thin",
      "part": "right angle",
    },
    {
      "d": "M106 124 L151 64 L91 19 L46 79 Z",
      "el": "path",
      "ink": "accent",
      "part": "square on the hypotenuse",
    },
    {
      "el": "text",
      "ink": "accent",
      "part": "c²",
      "size": 22,
      "text": "c²",
      "x": 86,
      "y": 80,
    },
    {
      "at": 0.42,
      "el": "side",
      "grip": 0.15,
      "part": "hypotenuse",
      "room": [
        [
          46,
          124,
          60,
          0,
        ],
        [
          46,
          79,
          0,
          45,
        ],
        [
          46,
          112,
          12,
          12,
        ],
        [
          85.7,
          58.8,
          18.5,
          27.7,
        ],
      ],
      "x1": 106,
      "x2": 46,
      "y1": 124,
      "y2": 79,
    },
  ],
  "tint": "var(--pig-w)",
}
`;

exports[`the drawing itself science is unchanged 1`] = `
{
  "accent": "var(--mint)",
  "marker": "var(--marigold)",
  "marks": [
    {
      "d": "M100 20 L152 50 L152 110 L100 140 L48 110 L48 50 Z",
      "el": "path",
      "ink": "ink",
      "part": "hexagon",
    },
    {
      "cx": 100,
      "cy": 80,
      "el": "circle",
      "ink": "accent-thin",
      "part": "shared electrons",
      "r": 30,
    },
    {
      "el": "text",
      "ink": "ink",
      "part": "C₆H₆",
      "size": 20,
      "text": "C₆H₆",
      "x": 160,
      "y": 44,
    },
  ],
  "tint": "var(--mint-w)",
}
`;

exports[`the drawing itself social is unchanged 1`] = `
{
  "accent": "var(--pig)",
  "marker": "var(--marigold)",
  "marks": [
    {
      "d": "M20 110 c30 -30 50 -10 80 -30 s50 -40 90 -30",
      "el": "path",
      "ink": "thin",
    },
    {
      "d": "M20 130 c40 -20 70 0 110 -20 s40 -30 60 -20",
      "el": "path",
      "ink": "thin",
    },
    {
      "d": "M60 40 c20 30 50 40 80 20",
      "el": "path",
      "ink": "accent",
    },
    {
      "cx": 140,
      "cy": 60,
      "el": "dot",
      "r": 6,
    },
    {
      "el": "text",
      "ink": "ink",
      "size": 18,
      "text": "river · plateau · port",
      "x": 30,
      "y": 40,
    },
  ],
  "tint": "var(--marigold-w)",
}
`;

exports[`the drawing itself english is unchanged 1`] = `
{
  "accent": "var(--pig)",
  "marker": "var(--marigold)",
  "marks": [
    {
      "el": "mark",
      "h": 18,
      "rx": 6,
      "w": 70,
      "x": 60,
      "y": 52,
    },
    {
      "d": "M24 40 h150 M24 62 h130 M24 84 h150 M24 106 h100",
      "el": "path",
      "ink": "thin",
    },
    {
      "d": "M120 96 c10 -14 30 -14 40 0",
      "el": "path",
      "ink": "accent",
    },
    {
      "el": "text",
      "ink": "accent",
      "size": 18,
      "text": "metaphor",
      "x": 130,
      "y": 128,
    },
  ],
  "tint": "var(--lilac-w)",
}
`;
